

================================================================
== Vitis HLS Report for 'AddRoundKey'
================================================================
* Date:           Sun Feb 23 14:34:33 2025

* Version:        2023.2 (Build 4023990 on Oct 11 2023)
* Project:        AES_AntonioMateo
* Solution:       solution1 (Vivado IP Flow Target)
* Product family: zynquplus
* Target device:  xczu3eg-sbva484-1-i


================================================================
== Performance Estimates
================================================================
+ Timing: 
    * Summary: 
    +--------+----------+----------+------------+
    |  Clock |  Target  | Estimated| Uncertainty|
    +--------+----------+----------+------------+
    |ap_clk  |  10.00 ns|  1.179 ns|     2.70 ns|
    +--------+----------+----------+------------+

+ Latency: 
    * Summary: 
    +---------+---------+-----------+-----------+-----+-----+---------+
    |  Latency (cycles) |   Latency (absolute)  |  Interval | Pipeline|
    |   min   |   max   |    min    |    max    | min | max |   Type  |
    +---------+---------+-----------+-----------+-----+-----+---------+
    |        1|        1|  10.000 ns|  10.000 ns|    1|    1|      yes|
    +---------+---------+-----------+-----------+-----+-----+---------+

    + Detail: 
        * Instance: 
        N/A

        * Loop: 
        N/A



================================================================
== Utilization Estimates
================================================================
* Summary: 
+-----------------+---------+-----+--------+-------+-----+
|       Name      | BRAM_18K| DSP |   FF   |  LUT  | URAM|
+-----------------+---------+-----+--------+-------+-----+
|DSP              |        -|    -|       -|      -|    -|
|Expression       |        -|    -|       0|    135|    -|
|FIFO             |        -|    -|       -|      -|    -|
|Instance         |        -|    -|       -|      -|    -|
|Memory           |        -|    -|       -|      -|    -|
|Multiplexer      |        -|    -|       -|      -|    -|
|Register         |        -|    -|     130|      -|    -|
+-----------------+---------+-----+--------+-------+-----+
|Total            |        0|    0|     130|    135|    0|
+-----------------+---------+-----+--------+-------+-----+
|Available        |      432|  360|  141120|  70560|    0|
+-----------------+---------+-----+--------+-------+-----+
|Utilization (%)  |        0|    0|      ~0|     ~0|    0|
+-----------------+---------+-----+--------+-------+-----+

+ Detail: 
    * Instance: 
    N/A

    * DSP: 
    N/A

    * Memory: 
    N/A

    * FIFO: 
    N/A

    * Expression: 
    +-----------------------+----------+----+---+----+------------+------------+
    |     Variable Name     | Operation| DSP| FF| LUT| Bitwidth P0| Bitwidth P1|
    +-----------------------+----------+----+---+----+------------+------------+
    |or_ln224_fu_394_p2     |        or|   0|  0|   5|           5|           1|
    |ap_enable_pp0          |       xor|   0|  0|   2|           1|           2|
    |xor_ln224_1_fu_432_p2  |       xor|   0|  0|   8|           8|           8|
    |xor_ln224_2_fu_452_p2  |       xor|   0|  0|   8|           8|           8|
    |xor_ln224_3_fu_472_p2  |       xor|   0|  0|   8|           8|           8|
    |xor_ln224_fu_412_p2    |       xor|   0|  0|   8|           8|           8|
    |xor_ln225_1_fu_437_p2  |       xor|   0|  0|   8|           8|           8|
    |xor_ln225_2_fu_457_p2  |       xor|   0|  0|   8|           8|           8|
    |xor_ln225_3_fu_477_p2  |       xor|   0|  0|   8|           8|           8|
    |xor_ln225_fu_417_p2    |       xor|   0|  0|   8|           8|           8|
    |xor_ln226_1_fu_442_p2  |       xor|   0|  0|   8|           8|           8|
    |xor_ln226_2_fu_462_p2  |       xor|   0|  0|   8|           8|           8|
    |xor_ln226_3_fu_482_p2  |       xor|   0|  0|   8|           8|           8|
    |xor_ln226_fu_422_p2    |       xor|   0|  0|   8|           8|           8|
    |xor_ln227_1_fu_447_p2  |       xor|   0|  0|   8|           8|           8|
    |xor_ln227_2_fu_467_p2  |       xor|   0|  0|   8|           8|           8|
    |xor_ln227_3_fu_487_p2  |       xor|   0|  0|   8|           8|           8|
    |xor_ln227_fu_427_p2    |       xor|   0|  0|   8|           8|           8|
    +-----------------------+----------+----+---+----+------------+------------+
    |Total                  |          |   0|  0| 135|         134|         131|
    +-----------------------+----------+----+---+----+------------+------------+

    * Multiplexer: 
    N/A

    * Register: 
    +-----------------------------+---+----+-----+-----------+
    |             Name            | FF| LUT| Bits| Const Bits|
    +-----------------------------+---+----+-----+-----------+
    |ap_CS_fsm                    |  1|   0|    1|          0|
    |ap_enable_reg_pp0_iter1      |  1|   0|    1|          0|
    |data_in_0_read_2_reg_663     |  8|   0|    8|          0|
    |data_in_10_read_2_reg_613    |  8|   0|    8|          0|
    |data_in_11_read_2_reg_608    |  8|   0|    8|          0|
    |data_in_1213_read_2_reg_603  |  8|   0|    8|          0|
    |data_in_13_read_2_reg_598    |  8|   0|    8|          0|
    |data_in_14_read_2_reg_593    |  8|   0|    8|          0|
    |data_in_15_read_2_reg_588    |  8|   0|    8|          0|
    |data_in_1_read_2_reg_658     |  8|   0|    8|          0|
    |data_in_2_read_2_reg_653     |  8|   0|    8|          0|
    |data_in_3_read_2_reg_648     |  8|   0|    8|          0|
    |data_in_4_read_2_reg_643     |  8|   0|    8|          0|
    |data_in_5_read_2_reg_638     |  8|   0|    8|          0|
    |data_in_6_read_2_reg_633     |  8|   0|    8|          0|
    |data_in_7_read_2_reg_628     |  8|   0|    8|          0|
    |data_in_8_read_2_reg_623     |  8|   0|    8|          0|
    |data_in_9_read11_reg_618     |  8|   0|    8|          0|
    +-----------------------------+---+----+-----+-----------+
    |Total                        |130|   0|  130|          0|
    +-----------------------------+---+----+-----+-----------+



================================================================
== Interface
================================================================
* Summary: 
+---------------------+-----+-----+------------+-------------------+--------------+
|      RTL Ports      | Dir | Bits|  Protocol  |   Source Object   |    C Type    |
+---------------------+-----+-----+------------+-------------------+--------------+
|ap_clk               |   in|    1|  ap_ctrl_hs|        AddRoundKey|  return value|
|ap_rst               |   in|    1|  ap_ctrl_hs|        AddRoundKey|  return value|
|ap_start             |   in|    1|  ap_ctrl_hs|        AddRoundKey|  return value|
|ap_done              |  out|    1|  ap_ctrl_hs|        AddRoundKey|  return value|
|ap_idle              |  out|    1|  ap_ctrl_hs|        AddRoundKey|  return value|
|ap_ready             |  out|    1|  ap_ctrl_hs|        AddRoundKey|  return value|
|ap_ce                |   in|    1|  ap_ctrl_hs|        AddRoundKey|  return value|
|ap_return_0          |  out|    8|  ap_ctrl_hs|        AddRoundKey|  return value|
|ap_return_1          |  out|    8|  ap_ctrl_hs|        AddRoundKey|  return value|
|ap_return_2          |  out|    8|  ap_ctrl_hs|        AddRoundKey|  return value|
|ap_return_3          |  out|    8|  ap_ctrl_hs|        AddRoundKey|  return value|
|ap_return_4          |  out|    8|  ap_ctrl_hs|        AddRoundKey|  return value|
|ap_return_5          |  out|    8|  ap_ctrl_hs|        AddRoundKey|  return value|
|ap_return_6          |  out|    8|  ap_ctrl_hs|        AddRoundKey|  return value|
|ap_return_7          |  out|    8|  ap_ctrl_hs|        AddRoundKey|  return value|
|ap_return_8          |  out|    8|  ap_ctrl_hs|        AddRoundKey|  return value|
|ap_return_9          |  out|    8|  ap_ctrl_hs|        AddRoundKey|  return value|
|ap_return_10         |  out|    8|  ap_ctrl_hs|        AddRoundKey|  return value|
|ap_return_11         |  out|    8|  ap_ctrl_hs|        AddRoundKey|  return value|
|ap_return_12         |  out|    8|  ap_ctrl_hs|        AddRoundKey|  return value|
|ap_return_13         |  out|    8|  ap_ctrl_hs|        AddRoundKey|  return value|
|ap_return_14         |  out|    8|  ap_ctrl_hs|        AddRoundKey|  return value|
|ap_return_15         |  out|    8|  ap_ctrl_hs|        AddRoundKey|  return value|
|round                |   in|    4|     ap_none|              round|        scalar|
|data_in_0_read       |   in|    8|     ap_none|     data_in_0_read|        scalar|
|data_in_1_read       |   in|    8|     ap_none|     data_in_1_read|        scalar|
|data_in_2_read       |   in|    8|     ap_none|     data_in_2_read|        scalar|
|data_in_3_read       |   in|    8|     ap_none|     data_in_3_read|        scalar|
|data_in_4_read       |   in|    8|     ap_none|     data_in_4_read|        scalar|
|data_in_5_read       |   in|    8|     ap_none|     data_in_5_read|        scalar|
|data_in_6_read       |   in|    8|     ap_none|     data_in_6_read|        scalar|
|data_in_7_read       |   in|    8|     ap_none|     data_in_7_read|        scalar|
|data_in_8_read       |   in|    8|     ap_none|     data_in_8_read|        scalar|
|data_in_9_read       |   in|    8|     ap_none|     data_in_9_read|        scalar|
|data_in_10_read      |   in|    8|     ap_none|    data_in_10_read|        scalar|
|data_in_11_read      |   in|    8|     ap_none|    data_in_11_read|        scalar|
|data_in_1213_read    |   in|    8|     ap_none|  data_in_1213_read|        scalar|
|data_in_13_read      |   in|    8|     ap_none|    data_in_13_read|        scalar|
|data_in_14_read      |   in|    8|     ap_none|    data_in_14_read|        scalar|
|data_in_15_read      |   in|    8|     ap_none|    data_in_15_read|        scalar|
|RoundKey_0_address0  |  out|    5|   ap_memory|         RoundKey_0|         array|
|RoundKey_0_ce0       |  out|    1|   ap_memory|         RoundKey_0|         array|
|RoundKey_0_q0        |   in|    8|   ap_memory|         RoundKey_0|         array|
|RoundKey_0_address1  |  out|    5|   ap_memory|         RoundKey_0|         array|
|RoundKey_0_ce1       |  out|    1|   ap_memory|         RoundKey_0|         array|
|RoundKey_0_q1        |   in|    8|   ap_memory|         RoundKey_0|         array|
|RoundKey_1_address0  |  out|    5|   ap_memory|         RoundKey_1|         array|
|RoundKey_1_ce0       |  out|    1|   ap_memory|         RoundKey_1|         array|
|RoundKey_1_q0        |   in|    8|   ap_memory|         RoundKey_1|         array|
|RoundKey_1_address1  |  out|    5|   ap_memory|         RoundKey_1|         array|
|RoundKey_1_ce1       |  out|    1|   ap_memory|         RoundKey_1|         array|
|RoundKey_1_q1        |   in|    8|   ap_memory|         RoundKey_1|         array|
|RoundKey_2_address0  |  out|    5|   ap_memory|         RoundKey_2|         array|
|RoundKey_2_ce0       |  out|    1|   ap_memory|         RoundKey_2|         array|
|RoundKey_2_q0        |   in|    8|   ap_memory|         RoundKey_2|         array|
|RoundKey_2_address1  |  out|    5|   ap_memory|         RoundKey_2|         array|
|RoundKey_2_ce1       |  out|    1|   ap_memory|         RoundKey_2|         array|
|RoundKey_2_q1        |   in|    8|   ap_memory|         RoundKey_2|         array|
|RoundKey_3_address0  |  out|    5|   ap_memory|         RoundKey_3|         array|
|RoundKey_3_ce0       |  out|    1|   ap_memory|         RoundKey_3|         array|
|RoundKey_3_q0        |   in|    8|   ap_memory|         RoundKey_3|         array|
|RoundKey_3_address1  |  out|    5|   ap_memory|         RoundKey_3|         array|
|RoundKey_3_ce1       |  out|    1|   ap_memory|         RoundKey_3|         array|
|RoundKey_3_q1        |   in|    8|   ap_memory|         RoundKey_3|         array|
|RoundKey_4_address0  |  out|    5|   ap_memory|         RoundKey_4|         array|
|RoundKey_4_ce0       |  out|    1|   ap_memory|         RoundKey_4|         array|
|RoundKey_4_q0        |   in|    8|   ap_memory|         RoundKey_4|         array|
|RoundKey_4_address1  |  out|    5|   ap_memory|         RoundKey_4|         array|
|RoundKey_4_ce1       |  out|    1|   ap_memory|         RoundKey_4|         array|
|RoundKey_4_q1        |   in|    8|   ap_memory|         RoundKey_4|         array|
|RoundKey_5_address0  |  out|    5|   ap_memory|         RoundKey_5|         array|
|RoundKey_5_ce0       |  out|    1|   ap_memory|         RoundKey_5|         array|
|RoundKey_5_q0        |   in|    8|   ap_memory|         RoundKey_5|         array|
|RoundKey_5_address1  |  out|    5|   ap_memory|         RoundKey_5|         array|
|RoundKey_5_ce1       |  out|    1|   ap_memory|         RoundKey_5|         array|
|RoundKey_5_q1        |   in|    8|   ap_memory|         RoundKey_5|         array|
|RoundKey_6_address0  |  out|    5|   ap_memory|         RoundKey_6|         array|
|RoundKey_6_ce0       |  out|    1|   ap_memory|         RoundKey_6|         array|
|RoundKey_6_q0        |   in|    8|   ap_memory|         RoundKey_6|         array|
|RoundKey_6_address1  |  out|    5|   ap_memory|         RoundKey_6|         array|
|RoundKey_6_ce1       |  out|    1|   ap_memory|         RoundKey_6|         array|
|RoundKey_6_q1        |   in|    8|   ap_memory|         RoundKey_6|         array|
|RoundKey_7_address0  |  out|    5|   ap_memory|         RoundKey_7|         array|
|RoundKey_7_ce0       |  out|    1|   ap_memory|         RoundKey_7|         array|
|RoundKey_7_q0        |   in|    8|   ap_memory|         RoundKey_7|         array|
|RoundKey_7_address1  |  out|    5|   ap_memory|         RoundKey_7|         array|
|RoundKey_7_ce1       |  out|    1|   ap_memory|         RoundKey_7|         array|
|RoundKey_7_q1        |   in|    8|   ap_memory|         RoundKey_7|         array|
+---------------------+-----+-----+------------+-------------------+--------------+

