

================================================================
== Vitis HLS Report for 'ShiftRows'
================================================================
* Date:           Sun Feb 23 16:10:28 2025

* Version:        2023.2 (Build 4023990 on Oct 11 2023)
* Project:        AES_AntonioMateo
* Solution:       solution1 (Vivado IP Flow Target)
* Product family: zynquplus
* Target device:  xczu3eg-sbva484-1-i


================================================================
== Performance Estimates
================================================================
+ Timing: 
    * Summary: 
    +--------+----------+----------+------------+
    |  Clock |  Target  | Estimated| Uncertainty|
    +--------+----------+----------+------------+
    |ap_clk  |  10.00 ns|      0 ns|     2.70 ns|
    +--------+----------+----------+------------+

+ Latency: 
    * Summary: 
    +---------+---------+----------+----------+-----+-----+---------+
    |  Latency (cycles) |  Latency (absolute) |  Interval | Pipeline|
    |   min   |   max   |    min   |    max   | min | max |   Type  |
    +---------+---------+----------+----------+-----+-----+---------+
    |        0|        0|      0 ns|      0 ns|    1|    1|      yes|
    +---------+---------+----------+----------+-----+-----+---------+

    + Detail: 
        * Instance: 
        N/A

        * Loop: 
        N/A



================================================================
== Utilization Estimates
================================================================
* Summary: 
+-----------------+---------+-----+--------+-------+-----+
|       Name      | BRAM_18K| DSP |   FF   |  LUT  | URAM|
+-----------------+---------+-----+--------+-------+-----+
|DSP              |        -|    -|       -|      -|    -|
|Expression       |        -|    -|       -|      -|    -|
|FIFO             |        -|    -|       -|      -|    -|
|Instance         |        -|    -|       -|      -|    -|
|Memory           |        -|    -|       -|      -|    -|
|Multiplexer      |        -|    -|       -|      -|    -|
|Register         |        -|    -|       -|      -|    -|
+-----------------+---------+-----+--------+-------+-----+
|Total            |        0|    0|       0|      0|    0|
+-----------------+---------+-----+--------+-------+-----+
|Available        |      432|  360|  141120|  70560|    0|
+-----------------+---------+-----+--------+-------+-----+
|Utilization (%)  |        0|    0|       0|      0|    0|
+-----------------+---------+-----+--------+-------+-----+

+ Detail: 
    * Instance: 
    N/A

    * DSP: 
    N/A

    * Memory: 
    N/A

    * FIFO: 
    N/A

    * Expression: 
    N/A

    * Multiplexer: 
    N/A

    * Register: 
    N/A



================================================================
== Interface
================================================================
* Summary: 
+-------------------+-----+-----+------------+-------------------+--------------+
|     RTL Ports     | Dir | Bits|  Protocol  |   Source Object   |    C Type    |
+-------------------+-----+-----+------------+-------------------+--------------+
|ap_ready           |  out|    1|  ap_ctrl_hs|          ShiftRows|  return value|
|ap_return_0        |  out|    8|  ap_ctrl_hs|          ShiftRows|  return value|
|ap_return_1        |  out|    8|  ap_ctrl_hs|          ShiftRows|  return value|
|ap_return_2        |  out|    8|  ap_ctrl_hs|          ShiftRows|  return value|
|ap_return_3        |  out|    8|  ap_ctrl_hs|          ShiftRows|  return value|
|ap_return_4        |  out|    8|  ap_ctrl_hs|          ShiftRows|  return value|
|ap_return_5        |  out|    8|  ap_ctrl_hs|          ShiftRows|  return value|
|ap_return_6        |  out|    8|  ap_ctrl_hs|          ShiftRows|  return value|
|ap_return_7        |  out|    8|  ap_ctrl_hs|          ShiftRows|  return value|
|ap_return_8        |  out|    8|  ap_ctrl_hs|          ShiftRows|  return value|
|ap_return_9        |  out|    8|  ap_ctrl_hs|          ShiftRows|  return value|
|ap_return_10       |  out|    8|  ap_ctrl_hs|          ShiftRows|  return value|
|ap_return_11       |  out|    8|  ap_ctrl_hs|          ShiftRows|  return value|
|data_out_1_read    |   in|    8|     ap_none|    data_out_1_read|        scalar|
|data_out_2_read    |   in|    8|     ap_none|    data_out_2_read|        scalar|
|data_out_3_read    |   in|    8|     ap_none|    data_out_3_read|        scalar|
|data_out_5_read    |   in|    8|     ap_none|    data_out_5_read|        scalar|
|data_out_6_read    |   in|    8|     ap_none|    data_out_6_read|        scalar|
|data_out_7_read    |   in|    8|     ap_none|    data_out_7_read|        scalar|
|data_out_9_read    |   in|    8|     ap_none|    data_out_9_read|        scalar|
|data_out_10_read   |   in|    8|     ap_none|   data_out_10_read|        scalar|
|data_out_119_read  |   in|    8|     ap_none|  data_out_119_read|        scalar|
|data_out_13_read   |   in|    8|     ap_none|   data_out_13_read|        scalar|
|data_out_14_read   |   in|    8|     ap_none|   data_out_14_read|        scalar|
|data_out_15_read   |   in|    8|     ap_none|   data_out_15_read|        scalar|
+-------------------+-----+-----+------------+-------------------+--------------+

